00:00 +0: loading C:/flutter_projects/tracking_app/test/features/track_order/presentation/manager/cubit/track_order_cubit_test.dart
flutter : test/features/track
_order/presentation/manager/c
ubit/track_order_cubit_test.d
art:112:32: Error: Required 
named parameter 'name' must 
be provided.
At line:1 char:1
+ flutter test test/features/
track_order/presentation/mana
ger/cubit/tra ...
+ ~~~~~~~~~~~~~~~~~~~~~~~~~~~
~~~~~~~~~~~~~~~~~~~~~~~~~~~~~
~~~~~~~~~~~~~
    + CategoryInfo           
   : NotSpecified: (test/fe  
  atures/t...st be provide   
 d.:String) [], RemoteExc    
eption
    + FullyQualifiedErrorId  
   : NativeCommandError
 
    final driver = 
DriverEntity(id: 'd1', lat: 
10.0, lng: 20.0);
                             
  ^
lib/features/track_order/doma
in/entities/driver_entity.dar
t:10:3: Context: Found this 
candidate, but the arguments 
don't match.
  DriverEntity({
  ^^^^^^^^^^^^
test/features/track_order/pre
sentation/manager/cubit/track
_order_cubit_test.dart:120:45
: Error: The argument type 
'Stream<dynamic>' can't be 
assigned to the parameter 
type 'Stream<DriverEntity>'.
 - 'Stream' is from 
'dart:async'.
 - 'DriverEntity' is from 'pa
ckage:tracking_app/features/t
rack_order/domain/entities/dr
iver_entity.dart' ('lib/featu
res/track_order/domain/entiti
es/driver_entity.dart').
        ).thenReturn(SuccessA
piResult(data: 
driverStream));
                             
               ^
00:00 +0 -1: loading C:/flutter_projects/tracking_app/test/features/track_order/presentation/manager/cubit/track_order_cubit_test.dart [E]
  Failed to load "C:/flutter_projects/tracking_app/test/features/track_order/presentation/manager/cubit/track_order_cubit_test.dart":
  Compilation failed for testPath=C:/flutter_projects/tracking_app/test/features/track_order/presentation/manager/cubit/track_order_cubit_test.dart: test/features/track_order/presentation/manager/cubit/track_order_cubit_test.dart:112:32: Error: Required named parameter 'name' must be provided.
      final driver = DriverEntity(id: 'd1', lat: 10.0, lng: 20.0);
                                 ^
  lib/features/track_order/domain/entities/driver_entity.dart:10:3: Context: Found this candidate, but the arguments don't match.
    DriverEntity({
    ^^^^^^^^^^^^
  test/features/track_order/presentation/manager/cubit/track_order_cubit_test.dart:120:45: Error: The argument type 'Stream<dynamic>' can't be assigned to the parameter type 'Stream<DriverEntity>'.
   - 'Stream' is from 'dart:async'.
   - 'DriverEntity' is from 'package:tracking_app/features/track_order/domain/entities/driver_entity.dart' ('lib/features/track_order/domain/entities/driver_entity.dart').
          ).thenReturn(SuccessApiResult(data: driverStream));
                                              ^
  .
00:00 +0 -1: Some tests failed.
